// Jest Snapshot v1, https://goo.gl/fbAQLP

exports[`<Main /> should render the heading 1`] = `
<main
  class="styles__Wrapper-sc-1cs6c8-0 jODcew"
>
  <img
    alt="Imagem de um átomo e React Avançado escrito ao lado."
    class="styles__Logo-sc-1cs6c8-1 kjzhTH"
    src="/img/logo.svg"
  />
  <h1
    class="styles__Title-sc-1cs6c8-2 gcXVYJ"
  >
     React Avançado 
  </h1>
  <h2
    class="styles__Description-sc-1cs6c8-3 epwofi"
  >
    TypeScript, ReactJS, NextJs e Styled Componentes
  </h2>
  <img
    alt="desenvolvedor de frente para o código"
    class="styles__Ilustration-sc-1cs6c8-4 DLBVv"
    src="/img/hero-illustration.svg"
  />
</main>
`
